
> tingting-app@0.1.0 dev
> next dev

▲ Next.js 16.3.4 (Turbopack)
- Local:         http://localhost:3000
- Network:       http://192.168.56.1:3000
- Environments: .env.local
✓ Ready in 42s
⚠ Warning: Next.js ignored package-lock.json in C:\Users\Admin because it would include your home directory (C:\Users\Admin).
 To use this directory, set `turbopack.root` in your Next.js config.

✓ Running next.config.ts took 5.2s
⚠ Slow filesystem detected. The benchmark took 528ms. If \\?\C:\Users\Admin\3D Objects\Pictures\Desktop\tingting tools\tingting-app\.next\dev is a network drive, consider moving it to a local folder.
See more: https://nextjs.org/docs/app/guides/local-development
○ Compiling middleware ...
⚠ The "middleware" file convention is deprecated. Please use "proxy" instead.

  To migrate automatically, run:
  npx @next/codemod@canary middleware-to-proxy .

  Learn more: https://nextjs.org/docs/messages/middleware-to-proxy

○ Compiling /login ...
 GET /login 200 in 30.0s (next.js: 26.7s, proxy.ts: 4ms, application-code: 3.2s)
 GET /login 200 in 1756ms (next.js: 1606ms, proxy.ts: 6ms, application-code: 143ms)
 GET /agents 200 in 802ms (next.js: 257ms, proxy.ts: 6ms, application-code: 538ms)
 GET /agent/handwriting-agent 200 in 3.4s (next.js: 3.2s, proxy.ts: 6ms, application-code: 112ms)
 GET /agent/receipt-agent 200 in 152ms (next.js: 30ms, proxy.ts: 7ms, application-code: 115ms)
 GET /agent/bank-agent 200 in 639ms (next.js: 25ms, proxy.ts: 6ms, application-code: 609ms)
 GET /login 200 in 440ms (next.js: 19ms, proxy.ts: 11ms, application-code: 410ms)
 GET /login 200 in 295ms (next.js: 46ms, proxy.ts: 7ms, application-code: 243ms)
 GET /login 200 in 431ms (next.js: 324ms, proxy.ts: 8ms, application-code: 99ms)
 GET /login 200 in 119ms (next.js: 13ms, proxy.ts: 6ms, application-code: 100ms)
 GET /login 200 in 180ms (next.js: 18ms, proxy.ts: 5ms, application-code: 157ms)
 GET /login 200 in 116ms (next.js: 14ms, proxy.ts: 7ms, application-code: 95ms)
 GET /agents 200 in 173ms (next.js: 40ms, proxy.ts: 10ms, application-code: 123ms)
 GET /agent/handwriting-agent 200 in 201ms (next.js: 50ms, proxy.ts: 8ms, application-code: 143ms)
 GET /agent/receipt-agent 200 in 171ms (next.js: 28ms, proxy.ts: 5ms, application-code: 137ms)
 GET /agent/bank-agent 200 in 164ms (next.js: 25ms, proxy.ts: 6ms, application-code: 134ms)
 GET /agent/budget-agent 200 in 164ms (next.js: 23ms, proxy.ts: 8ms, application-code: 134ms)
 POST /api/ai 200 in 17.3s (next.js: 658ms, proxy.ts: 50ms, application-code: 16.5s)
 POST /api/ai 200 in 14.4s (next.js: 8ms, proxy.ts: 12ms, application-code: 14.4s)
 POST /api/ai 200 in 16.6s (next.js: 6ms, proxy.ts: 8ms, application-code: 16.6s)
 POST /api/ai 200 in 10.5s (next.js: 8ms, proxy.ts: 5ms, application-code: 10.5s)
 GET / 307 in 3.4s (next.js: 1773ms, proxy.ts: 4ms, application-code: 1660ms)
 GET / 307 in 1348ms (next.js: 185ms, proxy.ts: 4ms, application-code: 1160ms)
 GET /login 200 in 1367ms (next.js: 1217ms, proxy.ts: 3ms, application-code: 146ms)
 GET /login 200 in 118ms (next.js: 16ms, proxy.ts: 6ms, application-code: 97ms)
 GET /register 200 in 693ms (next.js: 518ms, proxy.ts: 29ms, application-code: 146ms)
 POST /api/auth/sign-up/email 200 in 9.9s (next.js: 9.6s, application-code: 341ms)
 GET /dashboard 200 in 646ms (next.js: 554ms, proxy.ts: 35ms, application-code: 57ms)
 GET /api/auth/get-session 200 in 86ms (next.js: 15ms, application-code: 71ms)
 GET /api/jobs 200 in 774ms (next.js: 751ms, proxy.ts: 7ms, application-code: 16ms)
 GET /api/jobs 200 in 29ms (next.js: 8ms, proxy.ts: 9ms, application-code: 12ms)
 GET /tool/bank-statement 200 in 2.6s (next.js: 2.5s, proxy.ts: 5ms, application-code: 46ms)
 GET /api/jobs 200 in 68ms (next.js: 35ms, proxy.ts: 15ms, application-code: 18ms)
 GET /api/jobs 200 in 32ms (next.js: 7ms, proxy.ts: 7ms, application-code: 19ms)
 GET /agents 200 in 68ms (next.js: 27ms, proxy.ts: 4ms, application-code: 37ms)
 GET /dashboard 200 in 42ms (next.js: 11ms, proxy.ts: 4ms, application-code: 27ms)
 GET /api/jobs 200 in 39ms (next.js: 16ms, proxy.ts: 7ms, application-code: 16ms)
 GET /api/jobs 200 in 28ms (next.js: 8ms, proxy.ts: 6ms, application-code: 14ms)
 GET /tools 200 in 545ms (next.js: 475ms, proxy.ts: 4ms, application-code: 67ms)
 GET /tool/email-generator 200 in 72ms (next.js: 21ms, proxy.ts: 5ms, application-code: 45ms)
 POST /api/ai 200 in 5.2s (next.js: 9ms, proxy.ts: 5ms, application-code: 5.2s)
 GET /dashboard 200 in 138ms (next.js: 58ms, proxy.ts: 7ms, application-code: 73ms)
 GET /api/jobs 200 in 41ms (next.js: 9ms, proxy.ts: 8ms, application-code: 24ms)
 GET /api/jobs 200 in 29ms (next.js: 10ms, proxy.ts: 5ms, application-code: 14ms)
 GET /tools 200 in 48ms (next.js: 10ms, proxy.ts: 5ms, application-code: 33ms)
 GET /tool/handwriting-extractor 200 in 69ms (next.js: 23ms, proxy.ts: 6ms, application-code: 40ms)
 GET /agents 200 in 47ms (next.js: 10ms, proxy.ts: 4ms, application-code: 33ms)
 GET /api/auth/get-session 200 in 49ms (next.js: 21ms, application-code: 28ms)
 GET /dashboard 200 in 52ms (next.js: 11ms, proxy.ts: 4ms, application-code: 37ms)
 GET /api/jobs 200 in 36ms (next.js: 11ms, proxy.ts: 9ms, application-code: 17ms)
 GET /api/jobs 200 in 23ms (next.js: 6ms, proxy.ts: 4ms, application-code: 13ms)
 GET /api/auth/get-session 200 in 58ms (next.js: 26ms, application-code: 32ms)
 GET /tools 200 in 47ms (next.js: 11ms, proxy.ts: 5ms, application-code: 32ms)
 GET /tool/bank-statement 200 in 60ms (next.js: 18ms, proxy.ts: 4ms, application-code: 37ms)
 GET /dashboard 200 in 46ms (next.js: 10ms, proxy.ts: 5ms, application-code: 32ms)
 GET /api/jobs 200 in 41ms (next.js: 19ms, proxy.ts: 7ms, application-code: 15ms)
 GET /api/jobs 200 in 26ms (next.js: 6ms, proxy.ts: 7ms, application-code: 13ms)
 GET /tool/report-generator 200 in 60ms (next.js: 23ms, proxy.ts: 4ms, application-code: 33ms)
 POST /api/ai 200 in 6.0s (next.js: 7ms, proxy.ts: 7ms, application-code: 6.0s)
 POST /api/ai 200 in 18.1s (next.js: 10ms, proxy.ts: 8ms, application-code: 18.1s)
 GET /tools 200 in 54ms (next.js: 14ms, proxy.ts: 6ms, application-code: 35ms)
 GET /api/auth/get-session 200 in 47ms (next.js: 20ms, application-code: 27ms)
